{
  "resourceType": "Bundle",
  "type": "batch",
  "entry": [
    {
      "fullUrl": "urn:uuid:51f8c324-6b9a-bbf6-2242-055efba67d38",
      "resource": {
        "resourceType": "Composition",
        "id": "51f8c324-6b9a-bbf6-2242-055efba67d38",
        "identifier": {
          "use": "official",
          "value": "1.3.6.1.4.1.22812.3.99930.3.1"
        },
        "status": "final",
        "type": {
          "coding": [
            {
              "code": "34133-9",
              "display": "SUMMARIZATION OF EPISODE NOTE",
              "system": "http://loinc.org"
            }
          ]
        },
        "date": "2013-01-30T21:00:51+08:00",
        "title": "Continuity of Care Document",
        "confidentiality": "V",
        "attester": [
          {
            "mode": "legal",
            "time": "2013-01-30T21:00:51+08:00",
            "party": {
              "reference": "Practitioner/b14b88db-3f12-cd84-2ddb-b2e6cab1f3c0"
            }
          }
        ],
        "event": [
          {
            "period": {
              "start": "2012-08-15T09:00:51Z"
            }
          }
        ],
        "section": [
          {
            "title": "Reason For Referral",
            "text": {
              "status": "generated",
              "div": "<div xmlns=\"http://www.w3.org/1999/xhtml\">Reason For Referral</div>"
            },
            "code": {
              "coding": [
                {
                  "code": "42349-1",
                  "display": "Reason For Referral",
                  "system": "http://loinc.org"
                }
              ]
            },
            "mode": "snapshot"
          },
          {
            "title": "Functional Status",
            "text": {
              "status": "generated",
              "div": "<div xmlns=\"http://www.w3.org/1999/xhtml\">Functional Status</div>"
            },
            "code": {
              "coding": [
                {
                  "code": "47420-5",
                  "display": "Functional Status",
                  "system": "http://loinc.org"
                }
              ]
            },
            "mode": "snapshot"
          },
          {
            "title": "Problems",
            "text": {
              "status": "generated",
              "div": "<div xmlns=\"http://www.w3.org/1999/xhtml\">Problems</div>"
            },
            "code": {
              "coding": [
                {
                  "code": "11450-4",
                  "display": "Problem List",
                  "system": "http://loinc.org"
                }
              ]
            },
            "mode": "snapshot"
          },
          {
            "title": "Medications",
            "text": {
              "status": "generated",
              "div": "<div xmlns=\"http://www.w3.org/1999/xhtml\">Medications</div>"
            },
            "code": {
              "coding": [
                {
                  "code": "10160-0",
                  "display": "History of medication use",
                  "system": "http://loinc.org"
                }
              ]
            },
            "mode": "snapshot"
          },
          {
            "title": "Allergies and Adverse Reactions",
            "text": {
              "status": "generated",
              "div": "<div xmlns=\"http://www.w3.org/1999/xhtml\">Allergies and Adverse Reactions</div>"
            },
            "code": {
              "coding": [
                {
                  "code": "48765-2",
                  "display": "Allergies, adverse reactions, alerts",
                  "system": "http://loinc.org"
                }
              ]
            },
            "mode": "snapshot"
          },
          {
            "title": "Immunization",
            "text": {
              "status": "generated",
              "div": "<div xmlns=\"http://www.w3.org/1999/xhtml\">Immunization</div>"
            },
            "code": {
              "coding": [
                {
                  "code": "11369-6",
                  "display": "Immunizations",
                  "system": "http://loinc.org"
                }
              ]
            },
            "mode": "snapshot"
          },
          {
            "title": "Social History",
            "text": {
              "status": "generated",
              "div": "<div xmlns=\"http://www.w3.org/1999/xhtml\">Social History</div>"
            },
            "code": {
              "coding": [
                {
                  "code": "29762-2",
                  "display": "Social History",
                  "system": "http://loinc.org"
                }
              ]
            },
            "mode": "snapshot"
          },
          {
            "title": "Vital Signs",
            "text": {
              "status": "generated",
              "div": "<div xmlns=\"http://www.w3.org/1999/xhtml\">Vital Signs</div>"
            },
            "code": {
              "coding": [
                {
                  "code": "8716-3",
                  "display": "Vital Signs",
                  "system": "http://loinc.org"
                }
              ]
            },
            "mode": "snapshot"
          },
          {
            "title": "Results",
            "text": {
              "status": "generated",
              "div": "<div xmlns=\"http://www.w3.org/1999/xhtml\">Results</div>"
            },
            "code": {
              "coding": [
                {
                  "code": "30954-2",
                  "display": "Relevant diagnostic tests and/or laboratory data",
                  "system": "http://loinc.org"
                }
              ]
            },
            "mode": "snapshot"
          },
          {
            "title": "Plan of Care",
            "text": {
              "status": "generated",
              "div": "<div xmlns=\"http://www.w3.org/1999/xhtml\">Plan of Care</div>"
            },
            "code": {
              "coding": [
                {
                  "code": "18776-5",
                  "display": "Plan of Care",
                  "system": "http://loinc.org"
                }
              ]
            },
            "mode": "snapshot"
          },
          {
            "title": "Instructions",
            "text": {
              "status": "generated",
              "div": "<div xmlns=\"http://www.w3.org/1999/xhtml\">Instructions</div>"
            },
            "code": {
              "coding": [
                {
                  "code": "69730-0",
                  "display": "Instructions",
                  "system": "http://loinc.org"
                }
              ]
            },
            "mode": "snapshot"
          },
          {
            "title": "Encounters",
            "text": {
              "status": "generated",
              "div": "<div xmlns=\"http://www.w3.org/1999/xhtml\">Encounters</div>"
            },
            "code": {
              "coding": [
                {
                  "code": "46240-8",
                  "display": "Encounters",
                  "system": "http://loinc.org"
                }
              ]
            },
            "mode": "snapshot"
          }
        ],
        "subject": {
          "reference": "Patient/a656b459-dec5-7b46-77eb-41c20c9a5901"
        },
        "encounter": {
          "reference": "Encounter/c007ac7d-5502-54c7-09a9-a45b4c84c5cd"
        },
        "custodian": {
          "reference": "Organization/e43c8521-43e8-af8f-23fe-a3ab2556e7fc"
        },
        "author": [
          {
            "reference": "Practitioner/b14b88db-3f12-cd84-2ddb-b2e6cab1f3c0"
          },
          {
            "reference": "Device/20249d1d-01be-7214-0e99-0950cbdbdbbd"
          },
          {
            "reference": "Practitioner/a6349d55-b0a5-aed7-6b87-caebfa815789"
          }
        ]
      },
      "request": {
        "method": "PUT",
        "url": "Composition/51f8c324-6b9a-bbf6-2242-055efba67d38"
      }
    },
    {
      "fullUrl": "urn:uuid:b14b88db-3f12-cd84-2ddb-b2e6cab1f3c0",
      "resource": {
        "resourceType": "Practitioner",
        "id": "b14b88db-3f12-cd84-2ddb-b2e6cab1f3c0",
        "meta": {
          "profile": [
            "http://hl7.org/fhir/us/core/StructureDefinition/us-core-practitioner"
          ]
        },
        "identifier": [
          {
            "system": "http://hl7.org/fhir/sid/us-npi",
            "value": "1111111111"
          },
          {
            "system": "urn:oid:1.3.6.1.4.1.22812.3.99930.3",
            "value": "91138"
          }
        ],
        "name": [
          {
            "family": "Khan",
            "given": [
              "Samir"
            ],
            "prefix": [
              "Dr"
            ]
          }
        ],
        "address": [
          {
            "line": [
              "Get Well Clinic",
              "1004 Healthcare Dr."
            ],
            "city": "Portland",
            "state": "OR",
            "country": "US",
            "postalCode": "97005"
          }
        ],
        "telecom": [
          {
            "system": "phone",
            "value": "+1-(555)555-1004"
          }
        ]
      },
      "request": {
        "method": "PUT",
        "url": "Practitioner/b14b88db-3f12-cd84-2ddb-b2e6cab1f3c0"
      }
    },
    {
      "fullUrl": "urn:uuid:c007ac7d-5502-54c7-09a9-a45b4c84c5cd",
      "resource": {
        "resourceType": "Encounter",
        "id": "c007ac7d-5502-54c7-09a9-a45b4c84c5cd",
        "status": "unknown",
        "identifier": [
          {
            "system": "urn:oid:1.3.6.1.4.1.22812.3.99930.3.3.4",
            "value": "5283815"
          }
        ],
        "period": {
          "start": "2012-08-15T09:00:51Z",
          "end": "2013-01-30T21:00:51+08:00"
        }
      },
      "request": {
        "method": "PUT",
        "url": "Encounter/c007ac7d-5502-54c7-09a9-a45b4c84c5cd"
      }
    },
    {
      "fullUrl": "urn:uuid:e43c8521-43e8-af8f-23fe-a3ab2556e7fc",
      "resource": {
        "resourceType": "Organization",
        "id": "e43c8521-43e8-af8f-23fe-a3ab2556e7fc",
        "identifier": [
          {
            "system": "urn:oid:1.3.6.1.4.1.22812.3.99930.3",
            "value": "3"
          }
        ],
        "name": "Get Well Clinic",
        "address": [
          {
            "line": [
              "Get Well Clinic",
              "1004 Healthcare Dr."
            ],
            "city": "Portland",
            "state": "OR",
            "country": "US",
            "postalCode": "97005"
          }
        ],
        "telecom": [
          {
            "system": "phone",
            "value": "+1-(555)555-1004"
          }
        ]
      },
      "request": {
        "method": "PUT",
        "url": "Organization/e43c8521-43e8-af8f-23fe-a3ab2556e7fc"
      }
    },
    {
      "fullUrl": "urn:uuid:20249d1d-01be-7214-0e99-0950cbdbdbbd",
      "resource": {
        "resourceType": "Device",
        "id": "20249d1d-01be-7214-0e99-0950cbdbdbbd",
        "identifier": [
          {
            "system": "urn:oid:1.3.6.1.4.1.22812.3.99930.3.3.3",
            "value": "3"
          }
        ],
        "type": {
          "coding": [
            {
              "display": "Enterprise EHR Clinical System 11.200.4210.17305"
            }
          ]
        },
        "manufacturer": "Enterprise EHR Clinical System 11.200.4210.17305",
        "version": [
          {
            "value": "Enterprise EHR Clinical System 11.200.4210.17305; Transform 4.1.1.18"
          }
        ],
        "owner": {
          "reference": "Organization/e43c8521-43e8-af8f-23fe-a3ab2556e7fc"
        }
      },
      "request": {
        "method": "PUT",
        "url": "Device/20249d1d-01be-7214-0e99-0950cbdbdbbd"
      }
    },
    {
      "fullUrl": "urn:uuid:a6349d55-b0a5-aed7-6b87-caebfa815789",
      "resource": {
        "resourceType": "Practitioner",
        "id": "a6349d55-b0a5-aed7-6b87-caebfa815789",
        "meta": {
          "profile": [
            "http://hl7.org/fhir/us/core/StructureDefinition/us-core-practitioner"
          ]
        },
        "identifier": [
          {
            "system": "urn:oid:1.3.6.1.4.1.22812.3.99930.3.3.3",
            "value": "3"
          }
        ],
        "address": [
          {
            "line": [
              "Get Well Clinic",
              "1004 Healthcare Dr."
            ],
            "city": "Portland",
            "state": "OR",
            "country": "US",
            "postalCode": "97005"
          }
        ],
        "telecom": [
          {
            "system": "phone",
            "value": "+1-(555)555-1004"
          }
        ]
      },
      "request": {
        "method": "PUT",
        "url": "Practitioner/a6349d55-b0a5-aed7-6b87-caebfa815789"
      }
    },
    {
      "fullUrl": "urn:uuid:a656b459-dec5-7b46-77eb-41c20c9a5901",
      "resource": {
        "resourceType": "Patient",
        "id": "a656b459-dec5-7b46-77eb-41c20c9a5901",
        "meta": {
          "profile": [
            "http://hl7.org/fhir/us/core/StructureDefinition/us-core-patient"
          ]
        },
        "identifier": [
          {
            "system": "urn:oid:1.3.6.1.4.1.22812.3.99930.3",
            "value": "110107073916280"
          }
        ],
        "name": [
          {
            "family": "Everyman",
            "given": [
              "Adam"
            ]
          }
        ],
        "birthDate": "1962-10-22",
        "extension": [
          {
            "url": "http://hl7.org/fhir/us/core/StructureDefinition/us-core-race",
            "extension": [
              {
                "url": "ombCategory",
                "valueCoding": {
                  "code": "2106-3",
                  "display": "White",
                  "system": "urn:oid:2.16.840.1.113883.6.238"
                }
              },
              {
                "url": "text",
                "valueString": "White"
              }
            ]
          },
          {
            "url": "http://hl7.org/fhir/us/core/StructureDefinition/us-core-ethnicity",
            "extension": [
              {
                "url": "ombCategory",
                "valueCoding": {
                  "code": "2186-5",
                  "display": "Not Hispanic or Latino",
                  "system": "urn:oid:2.16.840.1.113883.6.238"
                }
              },
              {
                "url": "text",
                "valueString": "Not Hispanic or Latino"
              }
            ]
          }
        ],
        "address": [
          {
            "use": "home",
            "line": [
              "1234 Six Forks"
            ],
            "city": "Portland",
            "state": "OR",
            "country": "US",
            "postalCode": "97005"
          }
        ],
        "telecom": [
          {
            "system": "phone",
            "value": "+1-(555)555-3333",
            "use": "home"
          }
        ],
        "communication": [
          {
            "language": {
              "coding": [
                {
                  "system": "urn:ietf:bcp:47",
                  "code": "eng"
                }
              ]
            },
            "preferred": "true"
          }
        ]
      },
      "request": {
        "method": "PUT",
        "url": "Patient/a656b459-dec5-7b46-77eb-41c20c9a5901"
      }
    },
    {
      "fullUrl": "urn:uuid:2353559d-3d4c-a788-97c2-1e36d0473b16",
      "resource": {
        "resourceType": "AllergyIntolerance",
        "id": "2353559d-3d4c-a788-97c2-1e36d0473b16",
        "identifier": [
          {
            "system": "urn:oid:1.3.6.1.4.1.22812.3.99930.3.4.10.2",
            "value": "613618700107"
          },
          {
            "system": "urn:oid:1.3.6.1.4.1.22812.3.99930.3.4.10.2",
            "value": "613618700109"
          }
        ],
        "clinicalStatus": {
          "coding": [
            {
              "system": "http://terminology.hl7.org/CodeSystem/allergyintolerance-clinical",
              "code": "resolved"
            }
          ]
        },
        "reaction": [
          {
            "substance": {
              "coding": [
                {
                  "code": "7982",
                  "display": "Penicillin G benzathine",
                  "system": "http://www.nlm.nih.gov/research/umls/rxnorm"
                }
              ]
            },
            "manifestation": [
              {
                "coding": [
                  {
                    "code": "247472004",
                    "display": "Hives",
                    "system": "http://snomed.info/sct"
                  }
                ]
              }
            ],
            "severity": "Hives"
          }
        ],
        "onsetDateTime": "1998-01-10",
        "patient": {
          "reference": "Patient/a656b459-dec5-7b46-77eb-41c20c9a5901"
        }
      },
      "request": {
        "method": "PUT",
        "url": "AllergyIntolerance/2353559d-3d4c-a788-97c2-1e36d0473b16"
      }
    },
    {
      "fullUrl": "urn:uuid:68536ec6-7b36-0170-cd60-3cdb7b70cf45",
      "resource": {
        "resourceType": "AllergyIntolerance",
        "id": "68536ec6-7b36-0170-cd60-3cdb7b70cf45",
        "identifier": [
          {
            "system": "urn:oid:1.3.6.1.4.1.22812.3.99930.3.4.10.2",
            "value": "624373800001"
          },
          {
            "system": "urn:oid:1.3.6.1.4.1.22812.3.99930.3.4.10.2",
            "value": "637073500005"
          }
        ],
        "clinicalStatus": {
          "coding": [
            {
              "system": "http://terminology.hl7.org/CodeSystem/allergyintolerance-clinical",
              "code": "resolved"
            }
          ]
        },
        "reaction": [
          {
            "substance": {
              "coding": [
                {
                  "code": "2670",
                  "display": "Codeine",
                  "system": "http://snomed.info/sct"
                }
              ]
            },
            "manifestation": [
              {
                "coding": [
                  {
                    "code": "422587007",
                    "display": "Nausea",
                    "system": "http://snomed.info/sct"
                  }
                ]
              }
            ],
            "severity": "Nausea"
          }
        ],
        "onsetDateTime": "2001-01-10T00:00:00Z",
        "patient": {
          "reference": "Patient/a656b459-dec5-7b46-77eb-41c20c9a5901"
        }
      },
      "request": {
        "method": "PUT",
        "url": "AllergyIntolerance/68536ec6-7b36-0170-cd60-3cdb7b70cf45"
      }
    },
    {
      "fullUrl": "urn:uuid:fd272f60-b3b2-c1a4-2f66-c4d459abc715",
      "resource": {
        "resourceType": "MedicationStatement",
        "id": "fd272f60-b3b2-c1a4-2f66-c4d459abc715",
        "identifier": [
          {
            "system": "urn:oid:1.3.6.1.4.1.22812.3.99930.3.4.9",
            "value": "659122500005"
          },
          {
            "system": "urn:oid:1.3.6.1.4.1.22812.3.99930.3.4.9",
            "value": "659122500007"
          }
        ],
        "dosage": [
          {
            "doseAndRate": [
              {
                "doseQuantity": {
                  "value": "2",
                  "unit": "Puffs"
                }
              }
            ]
          }
        ],
        "subject": {
          "reference": "Patient/a656b459-dec5-7b46-77eb-41c20c9a5901"
        },
        "medicationReference": {
          "reference": "Medication/d7ad4ff0-a6d7-9116-c7b9-d101b8e94a64"
        }
      },
      "request": {
        "method": "PUT",
        "url": "MedicationStatement/fd272f60-b3b2-c1a4-2f66-c4d459abc715"
      }
    },
    {
      "fullUrl": "urn:uuid:d7ad4ff0-a6d7-9116-c7b9-d101b8e94a64",
      "resource": {
        "resourceType": "Medication",
        "id": "d7ad4ff0-a6d7-9116-c7b9-d101b8e94a64",
        "code": {
          "coding": [
            {
              "code": "573621",
              "display": "Albuterol 0.09 MG/ACTUAT metered dose",
              "system": "http://www.nlm.nih.gov/research/umls/rxnorm"
            }
          ]
        }
      },
      "request": {
        "method": "PUT",
        "url": "Medication/d7ad4ff0-a6d7-9116-c7b9-d101b8e94a64"
      }
    },
    {
      "fullUrl": "urn:uuid:b5ab02bc-3b05-b81a-d770-fcac49ba807d",
      "resource": {
        "resourceType": "Condition",
        "id": "b5ab02bc-3b05-b81a-d770-fcac49ba807d",
        "identifier": [
          {
            "system": "urn:oid:1.3.6.1.4.1.22812.3.99930.3.4.1.2.1",
            "value": "615028800003"
          },
          {
            "system": "urn:oid:1.3.6.1.4.1.22812.3.99930.3.4.1.2.1",
            "value": "659935200001"
          }
        ],
        "clinicalStatus": {
          "coding": [
            {
              "code": "55561003",
              "display": "Active",
              "system": "http://snomed.info/sct"
            }
          ]
        },
        "code": {
          "coding": [
            {
              "code": "64109004",
              "display": "Costochondritis",
              "system": "http://snomed.info/sct"
            }
          ]
        },
        "onsetDateTime": "2012-08-15",
        "subject": {
          "reference": "Patient/a656b459-dec5-7b46-77eb-41c20c9a5901"
        }
      },
      "request": {
        "method": "PUT",
        "url": "Condition/b5ab02bc-3b05-b81a-d770-fcac49ba807d"
      }
    },
    {
      "fullUrl": "urn:uuid:2337a2f4-1a3c-23ea-bb95-d73049e9204f",
      "resource": {
        "resourceType": "Condition",
        "id": "2337a2f4-1a3c-23ea-bb95-d73049e9204f",
        "identifier": [
          {
            "system": "urn:oid:1.3.6.1.4.1.22812.3.99930.3.4.1.2.1",
            "value": "636842200007"
          },
          {
            "system": "urn:oid:1.3.6.1.4.1.22812.3.99930.3.4.1.2.1",
            "value": "660100900011"
          }
        ],
        "clinicalStatus": {
          "coding": [
            {
              "code": "55561003",
              "display": "Active",
              "system": "http://snomed.info/sct"
            }
          ]
        },
        "code": {
          "coding": [
            {
              "code": "195967001",
              "display": "Asthma",
              "system": "http://snomed.info/sct"
            }
          ]
        },
        "onsetDateTime": "2011-09-25T13:00:00+08:00",
        "subject": {
          "reference": "Patient/a656b459-dec5-7b46-77eb-41c20c9a5901"
        }
      },
      "request": {
        "method": "PUT",
        "url": "Condition/2337a2f4-1a3c-23ea-bb95-d73049e9204f"
      }
    },
    {
      "fullUrl": "urn:uuid:377bc352-6e5e-a8e5-d8ec-53c7631bb889",
      "resource": {
        "resourceType": "DiagnosticReport",
        "id": "377bc352-6e5e-a8e5-d8ec-53c7631bb889",
        "identifier": [
          {
            "system": "urn:oid:1.3.6.1.4.1.22812.3.99930.3.4.5",
            "value": "659988700005"
          }
        ],
        "status": "final",
        "code": {
          "coding": [
            {
              "code": "82374",
              "display": "CO2",
              "system": "urn:oid:2.16.840.1.113883.6.12"
            }
          ]
        },
        "effectiveDateTime": "2012-08-15",
        "subject": {
          "reference": "Patient/a656b459-dec5-7b46-77eb-41c20c9a5901"
        },
        "result": [
          {
            "reference": "Observation/57b3e387-7bc2-a581-a668-b22cace62a33"
          }
        ]
      },
      "request": {
        "method": "PUT",
        "url": "DiagnosticReport/377bc352-6e5e-a8e5-d8ec-53c7631bb889"
      }
    },
    {
      "fullUrl": "urn:uuid:57b3e387-7bc2-a581-a668-b22cace62a33",
      "resource": {
        "resourceType": "Observation",
        "id": "57b3e387-7bc2-a581-a668-b22cace62a33",
        "meta": {
          "profile": [
            "http://hl7.org/fhir/us/core/StructureDefinition/us-core-observationresults"
          ]
        },
        "identifier": [
          {
            "system": "urn:oid:1.3.6.1.4.1.22812.3.99930.3.4.5",
            "value": "6599887000031"
          },
          {
            "system": "urn:oid:1.3.6.1.4.1.22812.3.99930.3.4.5",
            "value": "6599889000031"
          }
        ],
        "category": [
          {
            "coding": [
              {
                "system": "http://terminology.hl7.org/CodeSystem/observation-category",
                "code": "laboratory"
              }
            ]
          }
        ],
        "status": "final",
        "code": {
          "coding": [
            {
              "code": "2028-9",
              "display": "CO2",
              "system": "http://loinc.org"
            }
          ]
        },
        "effectiveDateTime": "2012-08-15",
        "valueQuantity": {
          "value": "25",
          "unit": "mmol/L"
        },
        "subject": {
          "reference": "Patient/a656b459-dec5-7b46-77eb-41c20c9a5901"
        }
      },
      "request": {
        "method": "PUT",
        "url": "Observation/57b3e387-7bc2-a581-a668-b22cace62a33"
      }
    },
    {
      "fullUrl": "urn:uuid:5e203a24-4f4d-92ad-1afd-67edbeb18004",
      "resource": {
        "resourceType": "Observation",
        "id": "5e203a24-4f4d-92ad-1afd-67edbeb18004",
        "meta": {
          "profile": [
            "http://hl7.org/fhir/us/core/StructureDefinition/us-core-observationresults"
          ]
        },
        "category": [
          {
            "coding": [
              {
                "system": "http://terminology.hl7.org/CodeSystem/observation-category",
                "code": "social-history"
              }
            ]
          }
        ],
        "status": "final",
        "code": {
          "coding": [
            {
              "code": "ASSERTION",
              "display": "Assertion",
              "system": "urn:oid:2.16.840.1.113883.5.4"
            }
          ]
        },
        "effectivePeriod": {
          "start": "2012"
        },
        "valueCodeableConcept": {
          "coding": [
            {
              "code": "266919005",
              "display": "Never smoker",
              "system": "http://snomed.info/sct"
            }
          ]
        },
        "subject": {
          "reference": "Patient/a656b459-dec5-7b46-77eb-41c20c9a5901"
        }
      },
      "request": {
        "method": "PUT",
        "url": "Observation/5e203a24-4f4d-92ad-1afd-67edbeb18004"
      }
    },
    {
      "fullUrl": "urn:uuid:fe7a527f-e3af-84b6-65ac-248dcfd7a9ac",
      "resource": {
        "resourceType": "Observation",
        "id": "fe7a527f-e3af-84b6-65ac-248dcfd7a9ac",
        "meta": {
          "profile": [
            "http://hl7.org/fhir/us/core/StructureDefinition/us-core-observationresults"
          ]
        },
        "category": [
          {
            "coding": [
              {
                "system": "http://terminology.hl7.org/CodeSystem/observation-category",
                "code": "social-history"
              }
            ]
          }
        ],
        "status": "final",
        "code": {
          "coding": [
            {
              "code": "ASSERTION",
              "display": "Assertion",
              "system": "urn:oid:2.16.840.1.113883.5.4"
            }
          ]
        },
        "effectivePeriod": {
          "start": "2012"
        },
        "valueCodeableConcept": {
          "coding": [
            {
              "code": "428041000124106",
              "display": "Current some day smoker",
              "system": "http://snomed.info/sct"
            }
          ]
        },
        "subject": {
          "reference": "Patient/a656b459-dec5-7b46-77eb-41c20c9a5901"
        }
      },
      "request": {
        "method": "PUT",
        "url": "Observation/fe7a527f-e3af-84b6-65ac-248dcfd7a9ac"
      }
    },
    {
      "fullUrl": "urn:uuid:1f1f8e82-7c59-ea74-2b02-530af810153d",
      "resource": {
        "resourceType": "DocumentReference",
        "id": "1f1f8e82-7c59-ea74-2b02-530af810153d",
        "type": {
          "coding": [
            {
              "code": "34133-9",
              "display": "SUMMARIZATION OF EPISODE NOTE",
              "system": "http://loinc.org"
            }
          ]
        },
        "date": "2021-02-02T03:23:41.709Z",
        "status": "current",
        "content": [
          {
            "attachment": {
              "contentType": "text/plain",
              "data": "H4sIAAAAAAAACu1d63PiSJL/7Iu4/6GO+zA7cQvowbPP3RsYcNs7NmbA7pm9jY0JGZWNYoXk0MNtz19/WXohVelRAoGxG8/uDAipJFVlZmX+8nX6t5eVXredVx3bS4wd5Lw+4c8/OfjFab7Y+k9oaeGHzz8tHefpU7P5/fv3hrbEDUXX7YWlPTn2QjddtbEwV83heNSUGlJzfvuPq/GcfG38Pr/66W9f/vM/Tv+rXkenpe4kCg1R6DQksdFrZQ+N6nUy/FDXDG2h6CNz4a6w4SC4k2F/rrmW8Wmpd+um9fjpWa75hz+92NrnWuyFvssNOKEpCYLY/P36ar5Y4pVS1wzbUYwFrsENTk4trOiroalitIB/fa7dzWtN7wfyEpcqgpfAhq2Zxufa9GY4+uNiJMBfS6ghyzSdzzWpIXbgTeClGqIo93oyfJDDIfDqSVccapjL6+nVH8PRYCb9cTX+Nr4Sc4YS2JGyz21I8D/4oSFudJUUXKUlnrbT6XSFfl8KHxLertGBs1vkCqknSvC93+/LAvw3vO9iPZ1yS5Tler/mfZ2/2vBIaY8BI8ZPmSgruPbq5nIyrCFVs+EtXv1j87vr68Hs8v8Gt5c3E3RzjsbTy/nNaIwmN7fj8LU1R8dfhqbhaIarOa/IfEBDxcIopKLTpn8KORk/POCFoz3jW22F0bOiu3AXSRBl8j+hJwhtsS60hXAhFqbxoKkwhqboMHREONmv1m5Ibf/dPte+sS95cdVFQ3bQ4Ha6Yjy6yiOOESg26hGNWnhhWuqtYj1ihxw4OX1SHA0Gmpn+653QyymKgih0ha7cFztST+BYVf9WMJCiqhZybfLMHuuQY7ZjAcMP4Bds21eagb+IktxCc+0FnZvWv+3TJntGcOkC3vTL1LQceEf1tOl9jUYFov1yMyNXk0/B4ScTvupkKr70u7Awp83YkXBU0zUc6/XL3RyGDD77j98kzx98drAOM7cKlxu+fvofsf6Xdrv9M/y/LsNfLXjVafT+wdSGdzJg+YLPJ6cPykrTX7+Mn7H1ulKM02ZwIPz9EQjM+DJQldVp0/8cjNKMDQMzvAJxBzMGd3rGX7GhYiu28tdFXNQOOZAMdq9ZzjJO1GK/I4mCJK1PsZTFmrLymFOSeyEJwxCdukxx5W9LzcHrcbGzBKn91TLdp/LD9zr1NjX8xHTQBRxQYFRkWugK5scw1/dbc8lq5ZL9wgFaj+aeQwrKjV4PPjdk2IuiYUtdCR9zr4wzmNiXu+Rzm4jMBowZuzCV4R9jJzzBXootDPvXpaFGBGy5selv5swH8EycjGE48xlEj3VjPcLs/hmfOUpyyCVkRcAdX0EX+A3rOvK38SSxF/CgCJvserg176YKHeZGWVInVWLBndAFqAHOcuHtElYjb4BsuZUluLgkV47oSsquZuaSRWsbSv/TJr1BnCquszT9oWCf5Njx4BLb1h4NrA7Wl3q0kcUSrUanltxywr9IlCYpq08uLLsTZe9A3MSwLS0c8hYWZ59oBafYstfsnbaB/bLM3LzmcNBK7l6+NNJevozgh+Aju6/BY7P3Xx9ckxUcW3+ukFBLCjHyz5HUtiQ1fw0043GEn7VFRNugG7kPysJxLWxdA83rZIP/MjYcbD1Zmo3R+GIW8K2iI19nQLC9ggnXaIHq0RC7MuGa9HFC3jMfnO/AvRuN/b/o1lIM+8G0VsjbrBtiD5g4PiRF1amvCqo5MIQNwhirx7313eyteatWKLIWru2YqqYEp4dnDxOHE5QR/XQkkfdIItnLt6aVxOrDyImvmkHkjHfZDC+0p0gxh19gz1Kxmjy84Xa2VryOmlO57Qz0ZwwKT6oIP5o4O+SxjGk/baYyBjmczkmnOn5UdCKwCbwGlnBJnZIwsULUjJhBHqBvawkPOkYkhhi8LTJ+cg2mI4N+QNNmTReAyaTSoWfmHCnzaHS/IWUyJHiqBn4ST5zePASSEFvEvAGIG9xwCx1GIiIRvGLD6ayWKvvaUk/uiW0+HaUXsXTkPcp1F0msK2U4va23QiAZXFbyWu9JeHki2Nj8HtsBJAGeVeiTHWCNOy61x2XxLgGTmHKD0ydskU0JW55DNJit2XnkPCkFEsew1XKAdgxFLYdnxy58cA14OdPgQPNhWVstOVyF6ZSC8qeWtlKsV98fNw2QzNgTrpfHW5817k1WYo1wx85L3YW33Ye5yVBI8VuGr0Vmy44cGx3iN4a/36kZGazuXVgUEybFBx79uTlXFho4AzUYYf1McRh8Oxx8eyA81xTLtMX4FMU8TTGhKpb0I2ToC5TGkK8z5MrmHOmclM8ZEjpdRnvQfihMDla47Ip1fW8sv+/pyLofhnXFzVl3AkQHXmJQunEmB08gDOiV5WDbfSBsO5vABPgffxAO3rt6MKTVA4iEsV2drNs+lQMp+vvIyoEotLrJ7R3o/iNIiVZ/YykxBf7GVqaAmGLDeH2jLR7mNWZx+aZaimEGE7l6Mg04GBpqEBsCh8gtjMex4c1tJHO2MNBab2lMwbGstyLkk5iB9YwEhitEx3ieQvXMVMPJriw084S+n2cqe+IwRsHckjwG1sfFzOdaC+Lq+nWxskDKGVaAIkmUHpqRiCJL0ePxS158ZMo5sdDJ4NVewtf2npegsw66HMFcjoTxYDAaDAc14JQG8lkNPekwKEY2xshZajYKQlYQSBiECXHAPKH7VxQwg7cTuPrKNIjVeB5sNOgW2w4EFwb3W/Nb7HEI/8SWIUYmGy9bTvgs/NTKWLhuSxJISFtFCxfOAfFhgyBw41uAvzbMGfmLpkPEYUy4LZQnbxaYUcId6NK2XUwmPzhxfSkEAa7WX+E+yv36rv6RJVbU+BE4tN60wnNAMVvBzgQfmF9GsB52xk/YUTSd/REOJG5BTqCe4tS5j0RD9nOpyItx9zW1l5WiGaGuFp0TMkDsxDNTV+nzWE45GwzOxh6vTEwUm/pLkHma5QctU9QevU7G8ZRneVG15+xniZ8IvGAaKvDcmro2uZ9iXz4apuXH2ifOvrc4B4blUvNXQiU0Uav09XXlHuu1LzeGjZ2CF/uUNSGZM5VDJmK7PnAf62QHLbneHNPk80e1E2X7Iog+N3dWfXHyCWXOT/rVnubAkOPJtvOUIh4oYQBHkoIM3I1xSQfOnbgIzRKoQ/PRAJ39GR/l6V7k6SCSp+uZP4rTozg9itP3JE4TOj0xbmNAwcmpeU+MZM8cjvskb87mNbQyTdX/Ov42iUmMUno9wD6RZzINORKELo/57B2Lm3a8GFK/w1oF88nN9XiEhrcRfNTqtWWAkDrZpoKurTQfNkg8Q8ISgO9Rcklop/93QjmNX5pYlwAPcr35D56K2Fc6hjC5xGVp4EEWgJC8X8aVp95F6MXWPnl5p7XhKJyXTqfdBgQqgBu3mGYqGym2jcR3olOIAn7UYLZvk7NaZlrhPdNHOW16l8a4JEb7a2ZJ8McbcEtXPnhukbsy3Ab+GOw51BJCPBs9aIYKCMRmLOPrH0eWqZhlBrtkmX2DRvGMzQRqJIqtthBGs1SAGoHbAfbcFbqCrZUBjIIfC3AietemURQKMcnCcTJRnGwMJ6lTMPgNg94wT1JkaXDaGYyVMTw7+8UzMobg4TAXS4BMLBAhLDIZPHjqUT77uxRKU+JOGQgNg8+kDklrfxzIzDavWwEqk3V4c0Rms4lJw2K2ooRUHGYbFCYHg1lb2echAww8zazUpPNMHGVN7I2xYZsJ3st2livlyM8fhp+ldn2Onwg/i0d+Zvh5FNH9PviZxgYoZCDf9FcWiTDkAVHwKzJi8myYDvi1pR54rT27ksuWyRutDae1wS4SSKxI+dFiGuPwhih9RQVCYkEsFdnshqvr57rybFqfa3eTX/hsdm8tZxiWBKbBXmpPsRio+d3Z35M2wgZma+k1j3lvq1l12oKtYu1TxqzOLm63O0KXBZEC44C6LWUFZxpsoYacvJrCjrgpMYcWixGkHHrMR5FaIolkaVWLIlEWA7WpZpnF5eY50zJmbWOOgMTgrPSIupNKgu5PUiLZqgh2ryrknSMuriA6rkyMXHGkXLiW7ISVC4s/yY2dS42g4wmU5wiXL4yoC1+RvXtGdB39I0unTChu+PqxuiHRNCbTRP24Npg8QagLrXXMGj2D8RIkcebI2SxPohpr9EmFZFw0rE+xxWd5pFp82ppUOW7sE2zhi+eRcOGkFZItx+15SIld1Xj9hxMe5WY2Pg+z5bZTb0orOKyY9VSHZHVFH0XYAnQMIHYZlBZAL+k7MlpD5n4WIQvMSrFjcCsPOdt8BdpTuwNyga6M59tR7LbMAtH+DwztJIyn1MvyLgL6XDic3qG3MqjkTq8leWowr3Mob7QOkc6groF9fzSoDtigKr/qxQZV+bV/fwZViEzu36ACK0jK1n02s63EfrvfgTkSqzWufNR2W5sqdapL2lQcOmX+vB51yqNOedQpq9EpQ3T7qFPuSKfce85NZviEIHZAmlYWPnEBYRMkCdN8QCusBhWVSYVwJpbiOvr5I4VTrB2jf/fcQ1s7YTldhJ7PLrr5KLj7QL93HWyZOhIaQh9df22CsXI3uIW1gcNYRappZ/iu9hUZUVFYBwunJP3UV8GM3P52g6Z35+dz9GvnAk1nEzSYo9HlbDy8HY8a27vx3u8MnYUz9N1ET+7Dg40wKdKPbO0FLU3XspFiIwNjFcgGMEH0fYnxnxDzV7nrMyM4plk+TISERyf96HDg3LRuiUShZ4+EVvOeHAilxOnekd80Z6kZqZcE4qLcNWx2XfD27MHcyAGSSWOBSRMLYpGE+jm+D+J1Ugak49ODY0z+n3eUzl8kB6kkR3IomfBTKkQn5+1YuC4rHifXW79nt7zt3vvtdQaxZhZJnGF+Nhhdx5GGy8nt5tiSmHRpMz5WUQLrCv640txbjT7faN1NRuMLHfYFVtVxwzHz+/Lb1R+38wQiRLtOAZlJhth6ufubufoznmIaPAYi/Zg0xyVUMn/CC+1Bw+rn2oOig3aFTHDVkPoXYNMnHhgOa2bU/wKgARditz/XlnzPZJmgP3BUK5EbElnbFCVxMrxEt0tsK64VAuaAa8g9CciRSrQfz6eXs8Htzewf6C+Xk4vBlde76OfEkxKF5VdX8VxV0UKEL0Uy5xMbRaJRjGncwVnUy2Q+JO+7wsu0pH6HjpEfjGc385urv6Lr8e14Nh5RwSiG7a68HWTt8BjOrxMLF6vcrgISprpJ1Pl6MLnbBnWUElAzdb9rGMbSFJ2W1REftbtyR+LAonpBv5r4ZM9eJuBSpOeLR1Olt4RsoCpLZASKMWPXZo5ENgXK0+z7d0l5GlIMUmc9romq+2lzmTwhWNw4O64JpEwoEAgI0NiIBL401KDXTfyu+X6L5N5Snp5omDNZkqPdaaUCvF6JH0+ykdoj5MU85RIct4rj5UBsCXduhh0HunBF0HECB8iHDMr5RHfunxAb7S4zhdzXtuhr4+3uApCqYrdqczNon8Hdx3t3dm6EL2XokIeBOZFlSi/00ut22nWpMsxpoOvYetSw/VekqEQCYgTiw5cmcAh+dNjaL9FFXkGdQXDdLLzuA0FS+0kEGJ1defDBFEOImaZDpBn6iu6x8adCrNstTK5d58qkVPDYWaWTMikkQVaNUP+7YtTFfr+3B6Cl6mSbkA3LTHDIghwJN2voahhQ3wWIVfsdoXhloY6iZCSeXKTR12CyqgVD9idqzsAy9HMJVXwULduKFtL0+ShasmltEFDbRAEvVkaC21G2hNM1DmbrgIDWXYbrJYxeJhVG7og9ErPDHbnFOVx/o+EORgPfEJjNgGGJakRigyqDYQ8u44o2o7cns3gL5opIjRkyRm6D+Xw8I1hucdodHQxZcXReKrFsFJLHAw0Ao0F0BdxRkCiGUS33EfiCcM1rHoywZWBeYJQdc52OuU6B3DnmOlWf6+TX5/b+EvW5oyGOuU60SfLj5To9QfwFAGNP4LrMdvolzyPd6XNdfuR02FK8Qu+eQzR+8vWA2j6Se3K335Mq9N9lwH5sEEyOz67cNuZNdJ4HkPXcBQufjVGm5U4mZpiiAWqxKHmy/jGpqWzpx9tY7SyteEqJio6ZLpyKjAi6SHsFOWv7d+NkOnLyXTlFdHF9Pr89HLpIBOtUY5J4/ePzqG1zG4L23hR4fgMoueLQ92zzJDBQCjejnBFy8oakVrfVlSovyuDh7Mz2kifbS853rmxPyR/aY6poSYgAhz1Y4hw5JtIvByCoov1M9CKJzjbvJRE2FwqTWnJX9orM8OYv5g4nd4WuXCb28cdA1ohngIAl/t8Pi69tQGxF+NoGBPc+8LUckvm4KFvgj9xx9usRZSDm7rGiyjtBGeJ7w83tRTVAQCqn5TKbz0mWYtj+hpOuJHe6QtVFy7zQhBStNhOUiKIZjiDEEYQ4ghDbgxDl9bbDASGCoJMPAkK0JKlN4KBuxf1FvIicalCI9Ak/YBTigIoLSNm9GeROv96pzBi+XK1cQ/vTnwwmojv+64esKHD5phUF/LtfGg9A8+AxQc+a5drARYtFuRjMD9NdIcy58NLTgOSOfRZSE881BxeHK8faCTBUXrAMV/jBQQNrdZCRmYeQPm7gR+8nz2kUZAtXhNK2E6AUi3LJPT8JnDOKrMU1Gm/NuuRoZC69kjTKraedkO/NlxUQUHGe+eVO8szzerjtKu8aJqkj0rvq5HY2uL6bD++uBrNk9vTTk2UqiyXh4djLyZ0ePLGXzlmlOhcy8jZtr0L5wdf1in6/A0vRbre2SdFOhm6k3gpUt37CVRGAF99+p0kkfdevIh+bWa6cFUsFUHaUbc1R4z2nwjslvGT44xBa1HIz0U/b13avprJ7YV333Kru/DXdiyq6swFixRGOIs1UeUFeKVBcULp9Av4vByBR8MCll3MPirlPYIt+TS3mDjv4A6nfPpuQPF7vY5LQ2bICmY+aXcQ9NazxgzuwDzorWox5G+PiWup3O1KFjuO5uQAxiIJ6fIyxnPw531zOaNM+X5n/Bg4ImrTDxAXHYxpcsgJUnhY/IcXGkA1DYitNk+YqbpXRe44uRVXmuYauZXk/maCxqcrrfh7xwDo7d5OdndMBUaquMDyUl/nLAZQy9AxxdeSpdxfXIEpVRTPsrEy+1On0xb4XIJAEPWOMklTWaW8gUz5ZFEDWkpiDJMadE59e2ImDow9H6S4cPD04uDpw8HuL+SLSc9SNgkkqUDEKb1u879Nrx3qHP/imf5hNvo+Cc++CsyX1hBYRc6IE/6FLTmXs5+UkqUQK0R8l6VGS/piSdN8mU+yNEgBXV+zU5coMpm8a6ArgrnhMcS3Gfqvcs0g8iGkOxFtsO2nHZ9h2dWdPLseLIpcjca0RyZ5fnhncb07+GZb3VpxVnpu5RWiip78s8fhAh99tCIcjJVI5HYXFDc/37uj05rnwGfzyLxeYQFgb3SZcLM47dYX1XZBmVFeF6i2qJ50HVLWt8y9BqRfFlFpmaX/b29KK/XZsbfX797224TpUurZfq13bsykiO5mpE7B/DwvcjjPvavXPi8d/vfNF/rqDRT6vfJFHmrLHVRY+3Cqf72CVxxWvMmkHcQ02AYLQDPyChoq+cIlarO5jzaX0gpLvfNmDJXrT0BzTelQgEDFp8Q2v7ua341ll0JKU282h0xEkgh4LXH5nuultIqGx0yEx1O1qYz18g4pAl9tnL+YG0lTqxt+oTfvRjb8LN75QjRs/ux17YTP2glbsO/XfcyCUwAiiIKe2yjw6fH4Mhw8Nw+0vo1oqSKmOtieJbBql96e8/a694YDRlrdNO/eeLHgxHMlaGZ41vmEnijS0obImxnk7Z4qLZvprLbyC5Ev6PXf+qRl/uPa/aAYozmfOFVG5Qspf/sICYIWe6Q1803ze6WBBOAY75jPHqJrd1bLSolIk2+FKO1GMyzuxV4XAi48ptzcdsxKZJ4stsd6nZN5v28i8i8OUeYB1RkJPv/9DeU4KvY9JrOIuqFV8yy261RNISmKCXGOg6oY0+/VAabYdbdQ+qvfhSVbagXzddMyKCBbigulGWXGAeEOKPT9QihV+NIqV+9VT7KZjVqMR9MV2p04Hrmaj3RsS8PgwCZgIC59+xYpJ9yAjidgnJdlbAQB+GPFD8CU9gkgW+u1WhTkXEFCFn0npJVVTIMjDdrQFIg4hr8cczAoCR4fpdel9hdhDR2HijPzYnv3FGI2wvbA0L20j7edvhKIrjjRKeG8iQqnx95GKQnaqzuf3J9/L5f90iL3C6KAjJAqfZHkjJ55pqdgiNMvpLFz710aDr37vrRtpL07KNgJ3tKk3r7ZyVuYHjFEjcMSpeVO3j3i26v2QZ4NbcEP+ozI/pJjfBr7fI4V/uOtcJp13fNpIWgbzNAoH70lyl9aegXjfkdfxmDwcFxXH5OG3Th7mdj4CtH90Pv6o2WZvaHznuwrXe5LMiUO2OQbsbzNgJVa3JEg9Boendroy1nWg6R2ceR2B8L5eSK8NsU8hHAOeClaHPNaGNvjBWbHxmvOJInu9btdDWyoyYqe6YiDzAfAZsF5oAzX+40ZFA8gAIEDQzXoduEoHUEZvitnLqPLZhftySvfl2beM7cDauKGVW/RcRXX7uA3aPOOJOjGlZ/vg7GzgmXNfTUX/hHyvHboy7awe2lkGa+Zx2kJLt+ftSt9+3ao9s4V4bsR7QVpPzhyUQAJSsICSA5ecjmZlC5YWAVzRkhE63JbCaCY9XP4bDgYJ/hvYznKlAEhuKI94BWceufDIhR+EC2kki8GyCorgFGoU49A7sak+cSj7dizdhPwR8TB19ZVpKGAyPriGp0Qikh5sf6gN6ku0gmiGFTA9MzNBUkSpN1UFs4X+Ynnj/lzJtJV9u5HVQFNsGK9oCoANvOQNwDZgdNWRgYnTwf+m+KGIh72wOxv4yTKftVTXRNEVVxAM4V8VTO/6vn8Npn1koY+jpNbP8T3RUdP9PwezoGrJ2RCET/FUxMPYevK9LDxe+cHs1809LK283nVtqdXrbuDOz60GNRufz7avYVLyLal+HhW9Jx+6llWFLtqRyCtu2yYs2s75G4UxtW75Y2PS7pUC3/G2dRNlAf6V1tatuHpefus3Dl9ZrreMIRUp+iuRpUduwTQbTy+X2+omy+XCSxUVzOUomVtQNLdM2dzijLuC3uqZWXc0k3L1WWfkf5BuF+7Tadl3cJafcudt3an5d4UZeOQl03ppcXV1T/HKpjnDMluuXd0M+VuuzUfM6WXFp0zh/HG5BwJTEqU6R4szqU07EAagOA0eMbrWXkBJHSxckv1yB/g7czsu51ReL7npFT0HAf2U1JzfvH/abH4zeZvG3GJRU6xuz/+HsyEWXZKcbzflLdQntDpwnSBv0SkrZva9+15ZBSVKN+0sVbr+G3NBJXU0v95cbaEC53UGabchxoeToOWkd7hCapZ6fbEDXmA6tWT8gq2FZpNC2Y6JdNPG6DuTHEVTfGa3hMBfU6oXiYG/Z4cxxW+6gIUF6ZoX2JRZzvNYZ+Fjtkv4kess7K6o8I6Fofjm0rAldMQOaQbO1IWnPFwbSMHIa3ZoUvAQS6fGHjxuEHT6XRmC86rrzGiAAewuMhozxn4sFTSS1ach8p+eDT3An6EqBHLYdK0F9jIvkBZ7ABQgxipSXYvsyoq60kAokAyIorYMHE808J9I1bDj3Rr72z+Zd9ewsU7uuAp6FDGP8gx6QprPdwt0Ukm2pBoQFl3LoctJvHt32Tg7oazwEEEKCY1+Q05B256Aa+DZx6q78PiHdGmLdCuwSztk66N7nGD9oU5QmCl18SZSxaelUjIlzXrI6cv6MRdH7sGW02VFvY+RTS1zZW66JIOdL8neW+XGNtxklTWpJdR7lcnjtTOckcZxP3mpNDO2TvQb9aI9H4xAxBIQCKNvGSLzMLK1Cl+MdX2P/NRBjaMOYsL3TaZkCHaBuViahmppjmbvbFqYBxiFT0DhJHllIcG94iHnGT69LR+93PQzXfQOj552MGSOt53X1+7bdWtPu2fGZXra36ZPc7aHfYsg0PckXIR+plN9z5VRy/uRt/IiV5b8XkkmYr/vWeaJfZqqSVa23a23E/L1uk26kjk1MHp8Rv/ibbdGTGiBdDMTq2q8dgQcj4DjRwMcOZ3J5VzJWzqS9+pG5sxw5Hch+xTCqHfsCmY5iHPcwxnO4XKRVfkQwJYxVT0hey0l2Oh6TF2pFDtkC5uUSgAs0X9wfy5zyr/BKg3tFtnX+dzlcKcdOsylniT1wSVDM9d6qbZ0pFPKxD686EzWOKMjbORLD1Ni5bYkez7ZKovXU2Y2Y/VmRwaWnf6c4EDymzcCPeMlpM9WfFaa05iIu5A5kpiuDw9sX4RMBsYE+cbeM4UpstclRDbYYVI4oxRv5FDu1pICfLcdYCWZ3oU9FkojsvTQkpOC4BLy+4ZRKTFENv/kwniUAgjXC80E349rYZWUoCMHk+ecNn21QNFH5sIl7iM4+P9gyfFJFS4BAA==",
              "hash": "ZmFjMWM2NGZjYTFiNWRkYzg3ZDJiZDFmNDA0OWNkNmQzZTUwZWUyOQ=="
            }
          }
        ]
      },
      "request": {
        "method": "PUT",
        "url": "DocumentReference/1f1f8e82-7c59-ea74-2b02-530af810153d"
      }
    }
  ]
}