{
  "resourceType": "Bundle",
  "type": "batch",
  "entry": [
    {
      "fullUrl": "urn:uuid:",
      "resource": {
        "resourceType": "MessageHeader",
        "id": "",
        "source": {
          "source": {
            "name": "SomeSystem"
          }
        },
        "destination": [
          {
            "destination": [
              {
                "name": "TransformationAgent"
              }
            ]
          }
        ],
        "meta": {
          "tag": [
            {
              "meta": {
                "tag": [
                  {
                    "code": "T",
                    "system": "http://terminology.hl7.org/CodeSystem/v2-0103"
                  }
                ]
              }
            }
          ]
        }
      },
      "request": {
        "method": "PUT",
        "url": "MessageHeader/"
      }
    },
    {
      "fullUrl": "urn:uuid:",
      "resource": {
        "resourceType": "Patient",
        "id": "",
        "identifier": [
          {
            "value": "10006579",
            "type": {
              "coding": [
                {
                  "code": "MR",
                  "system": "http://terminology.hl7.org/CodeSystem/v2-0203"
                }
              ]
            }
          },
          {
            "value": "123121234",
            "type": {
              "coding": [
                {
                  "code": "SS",
                  "system": "http://terminology.hl7.org/CodeSystem/v2-0203"
                }
              ]
            },
            "system": "http://hl7.org/fhir/sid/us-ssn"
          }
        ],
        "name": [
          {
            "family": "DUCK",
            "given": [
              "DONALD",
              "D"
            ]
          }
        ],
        "birthDate": "1924-10-10",
        "gender": "male",
        "address": [
          {
            "line": [
              "111 DUCK ST"
            ],
            "city": "FOWL",
            "state": "CA",
            "postalCode": "999990000",
            "type": "postal"
          },
          {
            "district": "1"
          }
        ],
        "telecom": [
          {
            "value": "8885551212",
            "use": "home"
          },
          {
            "value": "8885551212",
            "use": "work"
          }
        ],
        "communication": [
          {
            "language": {
              "coding": [
                {
                  "code": "1",
                  "display": "1",
                  "system": "1",
                  "version": "1"
                }
              ]
            },
            "preferred": true
          }
        ],
        "maritalStatus": {
          "coding": [
            {
              "code": "2",
              "display": "2",
              "system": "2",
              "version": "2"
            }
          ]
        },
        "deceasedBoolean": "NO"
      },
      "request": {
        "method": "PUT",
        "url": "Patient/"
      }
    },
    {
      "fullUrl": "urn:uuid:",
      "resource": {
        "resourceType": "Provenance",
        "id": "",
        "agent": [
          {
            "type": {
              "coding": [
                {
                  "code": "author",
                  "system": "http://terminology.hl7.org/CodeSystem/provenance-participant-type"
                }
              ]
            }
          }
        ],
        "recorded": "2014-10-06T06:45:00Z"
      },
      "request": {
        "method": "PUT",
        "url": "Provenance/"
      }
    },
    {
      "fullUrl": "urn:uuid:",
      "resource": {
        "resourceType": "Account",
        "id": "",
        "identifier": [
          {
            "value": "40007716",
            "type": {
              "coding": [
                {
                  "code": "VN",
                  "system": "http://terminology.hl7.org/CodeSystem/v2-0203"
                }
              ]
            }
          }
        ]
      },
      "request": {
        "method": "PUT",
        "url": "Account/"
      }
    },
    {
      "fullUrl": "urn:uuid:",
      "resource": {
        "resourceType": "DiagnosticReport",
        "id": "",
        "identifier": [
          {
            "type": {
              "coding": [
                {
                  "code": "FILL",
                  "system": "http://terminology.hl7.org/CodeSystem/v2-0203"
                }
              ]
            }
          },
          {
            "value": "88502218"
          },
          {
            "value": "82503246"
          }
        ],
        "code": {
          "coding": [
            {
              "code": "24317-0",
              "display": "Hemogram and platelet count, automated",
              "system": "LN"
            }
          ]
        },
        "status": "final",
        "result": [
          {
            "reference": "Observation/"
          },
          {
            "reference": "Observation/"
          },
          {
            "reference": "Observation/"
          },
          {
            "reference": "Observation/"
          },
          {
            "reference": "Observation/"
          }
        ],
        "specimen": [
          {
            "reference": "Specimen/"
          }
        ]
      },
      "request": {
        "method": "PUT",
        "url": "DiagnosticReport/"
      }
    },
    {
      "fullUrl": "urn:uuid:",
      "resource": {
        "resourceType": "Observation",
        "id": "",
        "code": {
          "coding": [
            {
              "code": "11156-7",
              "display": "LEUKOCYTES",
              "system": "LN"
            }
          ]
        },
        "component": [
          {
            "code": {
              "coding": [
                {
                  "code": "11156-7",
                  "display": "LEUKOCYTES",
                  "system": "LN"
                }
              ]
            }
          }
        ],
        "subject": {
          "reference": "Patient/"
        }
      },
      "request": {
        "method": "PUT",
        "url": "Observation/"
      }
    },
    {
      "fullUrl": "urn:uuid:",
      "resource": {
        "resourceType": "Observation",
        "id": "",
        "code": {
          "coding": [
            {
              "code": "11273-0",
              "display": "ERYTHROCYTES",
              "system": "LN"
            }
          ]
        },
        "valueQuantity": {
          "value": "4.06",
          "unit": "tera.l-1"
        },
        "interpretation": [
          {
            "coding": [
              {
                "code": "N",
                "display": "Normal",
                "system": "http://terminology.hl7.org/CodeSystem/v3-ObservationInterpretation",
                "version": "N"
              }
            ]
          }
        ],
        "status": "preliminary",
        "effectiveDateTime": "2014-10-06T06:27:00Z",
        "component": [
          {
            "code": {
              "coding": [
                {
                  "code": "11273-0",
                  "display": "ERYTHROCYTES",
                  "system": "LN"
                }
              ]
            },
            "valueQuantity": {
              "value": "4.06",
              "unit": "tera.l-1"
            },
            "interpretation": [
              {
                "coding": [
                  {
                    "code": "N",
                    "display": "Normal",
                    "system": "http://terminology.hl7.org/CodeSystem/v3-ObservationInterpretation",
                    "version": "N"
                  }
                ]
              }
            ]
          }
        ],
        "subject": {
          "reference": "Patient/"
        }
      },
      "request": {
        "method": "PUT",
        "url": "Observation/"
      }
    },
    {
      "fullUrl": "urn:uuid:",
      "resource": {
        "resourceType": "Observation",
        "id": "",
        "code": {
          "coding": [
            {
              "code": "20509-6",
              "display": "HEMOGLOBIN",
              "system": "LN"
            }
          ]
        },
        "component": [
          {
            "code": {
              "coding": [
                {
                  "code": "20509-6",
                  "display": "HEMOGLOBIN",
                  "system": "LN"
                }
              ]
            }
          }
        ],
        "subject": {
          "reference": "Patient/"
        }
      },
      "request": {
        "method": "PUT",
        "url": "Observation/"
      }
    },
    {
      "fullUrl": "urn:uuid:",
      "resource": {
        "resourceType": "Observation",
        "id": "",
        "code": {
          "coding": [
            {
              "code": "20570-8",
              "display": "HEMATOCRIT",
              "system": "LN"
            }
          ]
        },
        "valueQuantity": {
          "value": "40.1",
          "unit": "%"
        },
        "interpretation": [
          {
            "coding": [
              {
                "code": "N",
                "display": "Normal",
                "system": "http://terminology.hl7.org/CodeSystem/v3-ObservationInterpretation",
                "version": "N"
              }
            ]
          }
        ],
        "status": "preliminary",
        "effectiveDateTime": "2014-10-06T08:30:00Z",
        "component": [
          {
            "code": {
              "coding": [
                {
                  "code": "20570-8",
                  "display": "HEMATOCRIT",
                  "system": "LN"
                }
              ]
            },
            "valueQuantity": {
              "value": "40.1",
              "unit": "%"
            },
            "interpretation": [
              {
                "coding": [
                  {
                    "code": "N",
                    "display": "Normal",
                    "system": "http://terminology.hl7.org/CodeSystem/v3-ObservationInterpretation",
                    "version": "N"
                  }
                ]
              }
            ]
          }
        ],
        "subject": {
          "reference": "Patient/"
        }
      },
      "request": {
        "method": "PUT",
        "url": "Observation/"
      }
    },
    {
      "fullUrl": "urn:uuid:",
      "resource": {
        "resourceType": "Observation",
        "id": "",
        "code": {
          "coding": [
            {
              "code": "11125-2",
              "display": "PLATELETS",
              "system": "LN"
            }
          ]
        },
        "valueQuantity": {
          "value": "221",
          "unit": "giga.l-1"
        },
        "interpretation": [
          {
            "coding": [
              {
                "code": "N",
                "display": "Normal",
                "system": "http://terminology.hl7.org/CodeSystem/v3-ObservationInterpretation",
                "version": "N"
              }
            ]
          }
        ],
        "status": "final",
        "effectiveDateTime": "2014-10-06T08:30:00Z",
        "component": [
          {
            "code": {
              "coding": [
                {
                  "code": "11125-2",
                  "display": "PLATELETS",
                  "system": "LN"
                }
              ]
            },
            "valueQuantity": {
              "value": "221",
              "unit": "giga.l-1"
            },
            "interpretation": [
              {
                "coding": [
                  {
                    "code": "N",
                    "display": "Normal",
                    "system": "http://terminology.hl7.org/CodeSystem/v3-ObservationInterpretation",
                    "version": "N"
                  }
                ]
              }
            ]
          }
        ],
        "subject": {
          "reference": "Patient/"
        }
      },
      "request": {
        "method": "PUT",
        "url": "Observation/"
      }
    },
    {
      "fullUrl": "urn:uuid:",
      "resource": {
        "resourceType": "Specimen",
        "id": "",
        "receivedTime": "2014-10-06T08:21:00Z",
        "identifier": [
          {
            "value": "SpecimenID",
            "type": {
              "coding": [
                {
                  "code": "PLAC",
                  "system": "http://terminology.hl7.org/CodeSystem/v2-0203"
                }
              ]
            }
          }
        ],
        "type": {
          "coding": [
            {
              "code": "BLD"
            }
          ]
        },
        "collection": {
          "collectedDateTime": "2014-10-06T05:35:00Z"
        },
        "status": "available"
      },
      "request": {
        "method": "PUT",
        "url": "Specimen/"
      }
    },
    {
      "fullUrl": "urn:uuid:",
      "resource": {
        "resourceType": "DiagnosticReport",
        "id": "",
        "identifier": [
          {
            "type": {
              "coding": [
                {
                  "code": "FILL",
                  "system": "http://terminology.hl7.org/CodeSystem/v2-0203"
                }
              ]
            }
          },
          {
            "value": "855238581"
          },
          {
            "value": "890775544"
          }
        ],
        "code": {
          "coding": [
            {
              "code": "26464-8",
              "display": "Differential WBC Count, buffy coat",
              "system": "LN"
            }
          ]
        },
        "result": [
          {
            "reference": "Observation/"
          },
          {
            "reference": "Observation/"
          },
          {
            "reference": "Observation/"
          },
          {
            "reference": "Observation/"
          },
          {
            "reference": "Observation/"
          }
        ],
        "specimen": [
          {
            "reference": "Specimen/"
          }
        ]
      },
      "request": {
        "method": "PUT",
        "url": "DiagnosticReport/"
      }
    },
    {
      "fullUrl": "urn:uuid:",
      "resource": {
        "resourceType": "Observation",
        "id": "",
        "code": {
          "coding": [
            {
              "code": "23761-0",
              "display": "NEUTROPHILS/100 LEUKOCYTES",
              "system": "LN"
            }
          ]
        },
        "valueQuantity": {
          "value": "72",
          "unit": "%"
        },
        "interpretation": [
          {
            "coding": [
              {
                "code": "N",
                "display": "Normal",
                "system": "http://terminology.hl7.org/CodeSystem/v3-ObservationInterpretation",
                "version": "N"
              }
            ]
          }
        ],
        "status": "preliminary",
        "effectiveDateTime": "2014-10-06T06:27:00Z",
        "component": [
          {
            "code": {
              "coding": [
                {
                  "code": "23761-0",
                  "display": "NEUTROPHILS/100 LEUKOCYTES",
                  "system": "LN"
                }
              ]
            },
            "valueQuantity": {
              "value": "72",
              "unit": "%"
            },
            "interpretation": [
              {
                "coding": [
                  {
                    "code": "N",
                    "display": "Normal",
                    "system": "http://terminology.hl7.org/CodeSystem/v3-ObservationInterpretation",
                    "version": "N"
                  }
                ]
              }
            ]
          }
        ],
        "subject": {
          "reference": "Patient/"
        }
      },
      "request": {
        "method": "PUT",
        "url": "Observation/"
      }
    },
    {
      "fullUrl": "urn:uuid:",
      "resource": {
        "resourceType": "Observation",
        "id": "",
        "code": {
          "coding": [
            {
              "code": "26450-7",
              "display": "EOSINOPHILS/100 LEUKOCYTES",
              "system": "LN"
            }
          ]
        },
        "valueQuantity": {
          "value": "2",
          "unit": "%"
        },
        "interpretation": [
          {
            "coding": [
              {
                "code": "N",
                "display": "Normal",
                "system": "http://terminology.hl7.org/CodeSystem/v3-ObservationInterpretation",
                "version": "N"
              }
            ]
          }
        ],
        "status": "preliminary",
        "effectiveDateTime": "2014-10-06T06:27:00Z",
        "component": [
          {
            "code": {
              "coding": [
                {
                  "code": "26450-7",
                  "display": "EOSINOPHILS/100 LEUKOCYTES",
                  "system": "LN"
                }
              ]
            },
            "valueQuantity": {
              "value": "2",
              "unit": "%"
            },
            "interpretation": [
              {
                "coding": [
                  {
                    "code": "N",
                    "display": "Normal",
                    "system": "http://terminology.hl7.org/CodeSystem/v3-ObservationInterpretation",
                    "version": "N"
                  }
                ]
              }
            ]
          }
        ],
        "subject": {
          "reference": "Patient/"
        }
      },
      "request": {
        "method": "PUT",
        "url": "Observation/"
      }
    },
    {
      "fullUrl": "urn:uuid:",
      "resource": {
        "resourceType": "Observation",
        "id": "",
        "code": {
          "coding": [
            {
              "code": "26478-8",
              "display": "LYMPHOCYTES/100 LEUKOCYTES",
              "system": "LN"
            }
          ]
        },
        "valueQuantity": {
          "value": "20",
          "unit": "%"
        },
        "interpretation": [
          {
            "coding": [
              {
                "code": "N",
                "display": "Normal",
                "system": "http://terminology.hl7.org/CodeSystem/v3-ObservationInterpretation",
                "version": "N"
              }
            ]
          }
        ],
        "status": "preliminary",
        "effectiveDateTime": "2014-10-06T06:27:00Z",
        "component": [
          {
            "code": {
              "coding": [
                {
                  "code": "26478-8",
                  "display": "LYMPHOCYTES/100 LEUKOCYTES",
                  "system": "LN"
                }
              ]
            },
            "valueQuantity": {
              "value": "20",
              "unit": "%"
            },
            "interpretation": [
              {
                "coding": [
                  {
                    "code": "N",
                    "display": "Normal",
                    "system": "http://terminology.hl7.org/CodeSystem/v3-ObservationInterpretation",
                    "version": "N"
                  }
                ]
              }
            ]
          }
        ],
        "subject": {
          "reference": "Patient/"
        }
      },
      "request": {
        "method": "PUT",
        "url": "Observation/"
      }
    },
    {
      "fullUrl": "urn:uuid:",
      "resource": {
        "resourceType": "Observation",
        "id": "",
        "code": {
          "coding": [
            {
              "code": "26485-3",
              "display": "MONOCYTES/100 LEUKOCYTES",
              "system": "LN"
            }
          ]
        },
        "valueQuantity": {
          "value": "6",
          "unit": "%"
        },
        "interpretation": [
          {
            "coding": [
              {
                "code": "N",
                "display": "Normal",
                "system": "http://terminology.hl7.org/CodeSystem/v3-ObservationInterpretation",
                "version": "N"
              }
            ]
          }
        ],
        "status": "preliminary",
        "effectiveDateTime": "2014-10-06T06:27:00Z",
        "component": [
          {
            "code": {
              "coding": [
                {
                  "code": "26485-3",
                  "display": "MONOCYTES/100 LEUKOCYTES",
                  "system": "LN"
                }
              ]
            },
            "valueQuantity": {
              "value": "6",
              "unit": "%"
            },
            "interpretation": [
              {
                "coding": [
                  {
                    "code": "N",
                    "display": "Normal",
                    "system": "http://terminology.hl7.org/CodeSystem/v3-ObservationInterpretation",
                    "version": "N"
                  }
                ]
              }
            ]
          }
        ],
        "subject": {
          "reference": "Patient/"
        }
      },
      "request": {
        "method": "PUT",
        "url": "Observation/"
      }
    },
    {
      "fullUrl": "urn:uuid:",
      "resource": {
        "resourceType": "Observation",
        "id": "",
        "code": {
          "coding": [
            {
              "code": "30180-4",
              "display": "BASOPHILS/100 LEUKOCYTES",
              "system": "LN"
            }
          ]
        },
        "valueQuantity": {
          "value": "0",
          "unit": "%"
        },
        "interpretation": [
          {
            "coding": [
              {
                "code": "N",
                "display": "Normal",
                "system": "http://terminology.hl7.org/CodeSystem/v3-ObservationInterpretation",
                "version": "N"
              }
            ]
          }
        ],
        "status": "preliminary",
        "effectiveDateTime": "2014-10-06T06:27:00Z",
        "component": [
          {
            "code": {
              "coding": [
                {
                  "code": "30180-4",
                  "display": "BASOPHILS/100 LEUKOCYTES",
                  "system": "LN"
                }
              ]
            },
            "valueQuantity": {
              "value": "0",
              "unit": "%"
            },
            "interpretation": [
              {
                "coding": [
                  {
                    "code": "N",
                    "display": "Normal",
                    "system": "http://terminology.hl7.org/CodeSystem/v3-ObservationInterpretation",
                    "version": "N"
                  }
                ]
              }
            ]
          }
        ],
        "subject": {
          "reference": "Patient/"
        }
      },
      "request": {
        "method": "PUT",
        "url": "Observation/"
      }
    }
  ]
}